// Jest Snapshot v1, https://goo.gl/fbAQLP

exports[`Input should match snapshots 1`] = `
<body>
  <div>
    <div
      aria-label="Slider"
      class="piatto-slider"
      style="background-position-x: 0px;"
    >
      <div
        aria-label="Slider Handle"
        class="piatto-slider-handle"
        role="button"
        style="transform: translate(0px,-50%);"
      />
    </div>
  </div>
</body>
`;
